Godot Engine v4.7.2.stable.official.ed1daf0bf - https://godotengine.org

SCRIPT ERROR: Parse Error: Preload file "res://scripts/managers/fight_stats.gd" does not exist.
   at: GDScript::reload (res://tests/fight_system_runner.gd:4)
SCRIPT ERROR: Parse Error: Cannot infer the type of "FightStats" constant because the value doesn't have a set type.
   at: GDScript::reload (res://tests/fight_system_runner.gd:4)
SCRIPT ERROR: Parse Error: Preload file "res://scripts/managers/judges.gd" does not exist.
   at: GDScript::reload (res://tests/fight_system_runner.gd:5)
SCRIPT ERROR: Parse Error: Cannot infer the type of "Judges" constant because the value doesn't have a set type.
   at: GDScript::reload (res://tests/fight_system_runner.gd:5)
SCRIPT ERROR: Parse Error: Preload file "res://scripts/managers/round_manager.gd" does not exist.
   at: GDScript::reload (res://tests/fight_system_runner.gd:6)
SCRIPT ERROR: Parse Error: Cannot infer the type of "RoundManager" constant because the value doesn't have a set type.
   at: GDScript::reload (res://tests/fight_system_runner.gd:6)
SCRIPT ERROR: Parse Error: "RoundManager" is a constant but does not contain a type.
   at: GDScript::reload (res://tests/fight_system_runner.gd:45)
SCRIPT ERROR: Parse Error: "FightStats" is a constant but does not contain a type.
   at: GDScript::reload (res://tests/fight_system_runner.gd:46)
SCRIPT ERROR: Parse Error: "Judges" is a constant but does not contain a type.
   at: GDScript::reload (res://tests/fight_system_runner.gd:47)
SCRIPT ERROR: Parse Error: "FightStats" is a constant but does not contain a type.
   at: GDScript::reload (res://tests/fight_system_runner.gd:54)
SCRIPT ERROR: Parse Error: Cannot infer the type of "total" variable because the value doesn't have a set type.
   at: GDScript::reload (res://tests/fight_system_runner.gd:62)
SCRIPT ERROR: Parse Error: Cannot infer the type of "judges" variable because the value doesn't have a set type.
   at: GDScript::reload (res://tests/fight_system_runner.gd:87)
SCRIPT ERROR: Parse Error: Cannot infer the type of "unanimous" variable because the value doesn't have a set type.
   at: GDScript::reload (res://tests/fight_system_runner.gd:88)
SCRIPT ERROR: Parse Error: Cannot infer the type of "split" variable because the value doesn't have a set type.
   at: GDScript::reload (res://tests/fight_system_runner.gd:92)
SCRIPT ERROR: Parse Error: Cannot infer the type of "draw" variable because the value doesn't have a set type.
   at: GDScript::reload (res://tests/fight_system_runner.gd:96)
ERROR: Failed to load script "res://tests/fight_system_runner.gd" with error "Parse error".
   at: load (modules/gdscript/gdscript_resource_format.cpp:46)
